==== core/gc/i31.wast ====
Should instantiate, but the linker rejected an import
==== core/multi-memory/imports4.wast ====
Should instantiate, but the linker rejected an import
Should instantiate, but the linker rejected an import
==== core/table.wast ====
Should instantiate, but the linker rejected an import
