==== core/call_ref.wast ====
Wax type-checking should have failed (type mismatch):
  type t = fn();
  fn f(r: &?func) {
      (r as &?t)();
  }
from wasm:
  (type $t (func))
  (func $f (param $r funcref) (call_ref $t (local.get $r)))
==== core/conversions.wast ====
Wax type-checking should have failed (type mismatch):
  fn f() -> i64 {
      0 as f32 as i64_s;
  }
from wasm: (func (result i64) (i64.extend_i32_s (f32.const 0)))
Wax type-checking should have failed (type mismatch):
  fn f() -> i64 {
      0 as f32 as i64_u;
  }
from wasm: (func (result i64) (i64.extend_i32_u (f32.const 0)))
Wax type-checking should have failed (type mismatch):
  fn f() -> i64 {
      0 as i32 as i64_s_strict;
  }
from wasm: (func (result i64) (i64.trunc_f32_s (i32.const 0)))
Wax type-checking should have failed (type mismatch):
  fn f() -> i64 {
      0 as i32 as i64_u_strict;
  }
from wasm: (func (result i64) (i64.trunc_f32_u (i32.const 0)))
Wax type-checking should have failed (type mismatch):
  fn f() -> i64 {
      0 as i32 as i64_s_strict;
  }
from wasm: (func (result i64) (i64.trunc_f64_s (i32.const 0)))
Wax type-checking should have failed (type mismatch):
  fn f() -> i64 {
      0 as i32 as i64_u_strict;
  }
from wasm: (func (result i64) (i64.trunc_f64_u (i32.const 0)))
Wax type-checking should have failed (type mismatch):
  fn f() -> f32 {
      0 as i64 as f32_s;
  }
from wasm: (func (result f32) (f32.convert_i32_s (i64.const 0)))
Wax type-checking should have failed (type mismatch):
  fn f() -> f32 {
      0 as i64 as f32_u;
  }
from wasm: (func (result f32) (f32.convert_i32_u (i64.const 0)))
Wax type-checking should have failed (type mismatch):
  fn f() -> f32 {
      0 as i32 as f32_s;
  }
from wasm: (func (result f32) (f32.convert_i64_s (i32.const 0)))
Wax type-checking should have failed (type mismatch):
  fn f() -> f32 {
      0 as i32 as f32_u;
  }
from wasm: (func (result f32) (f32.convert_i64_u (i32.const 0)))
Wax type-checking should have failed (type mismatch):
  fn f() -> f32 {
      (0 as i64 as i32).from_bits();
  }
from wasm: (func (result f32) (f32.reinterpret_i32 (i64.const 0)))
Wax type-checking should have failed (type mismatch):
  fn f() -> f64 {
      0 as i64 as f64_s;
  }
from wasm: (func (result f64) (f64.convert_i32_s (i64.const 0)))
Wax type-checking should have failed (type mismatch):
  fn f() -> f64 {
      0 as i64 as f64_u;
  }
from wasm: (func (result f64) (f64.convert_i32_u (i64.const 0)))
Wax type-checking should have failed (type mismatch):
  fn f() -> f64 {
      0 as i32 as f64_s;
  }
from wasm: (func (result f64) (f64.convert_i64_s (i32.const 0)))
Wax type-checking should have failed (type mismatch):
  fn f() -> f64 {
      0 as i32 as f64_u;
  }
from wasm: (func (result f64) (f64.convert_i64_u (i32.const 0)))
==== core/custom-descriptors/br_on_cast_desc_eq.wast ====
Wax type-checking should have failed (type mismatch):
  rec { type a = descriptor b { }; type b = describes a { }; }
  fn f(x: &?any, x_2: &b) -> &?any 'l: {
      br_on_cast 'l descriptor(x_2) x;
  }
from wasm:
  (rec (type $a (descriptor $b) (struct)) (type $b (describes $a) (struct)))
  (func (param anyref (ref $b)) (result anyref)
    (br_on_cast_desc_eq 0 anyref (ref (exact $a)) (local.get 0) (local.get 1))
  )
Wax type-checking should have failed (type mismatch):
  rec { type a = descriptor b { }; type b = describes a { }; }
  fn f(x: &?any) -> &?any 'l: {
      br_on_cast 'l descriptor(null as &?b) x;
  }
from wasm:
  (rec (type $a (descriptor $b) (struct)) (type $b (describes $a) (struct)))
  (func (param anyref) (result anyref)
    (br_on_cast_desc_eq 0 anyref (ref (exact $a)) (local.get 0) (ref.null $b))
  )
Wax type-checking should have failed (type mismatch):
  rec {
      type a = open descriptor b { };
      type b = open describes a { };
      type c: a = open descriptor d { };
      type d: b = open describes c { };
  }
  fn f(x: &?any, x_2: &!d) -> &?any 'l: {
      br_on_cast 'l descriptor(x_2) x;
  }
from wasm:
  (rec
    (type $a (sub (descriptor $b) (struct)))
    (type $b (sub (describes $a) (struct)))
    (type $c (sub $a (descriptor $d) (struct)))
    (type $d (sub $b (describes $c) (struct)))
  )
  (func (param anyref (ref (exact $d))) (result anyref)
    (br_on_cast_desc_eq 0 anyref (ref (exact $a)) (local.get 0) (local.get 1))
  )
Wax type-checking should have failed (type mismatch):
  rec { type a = descriptor b { }; type b = describes a { }; }
  fn f() -> &?any 'l: {
      unreachable;
      br_on_cast 'l descriptor(_ as &?b) _;
  }
from wasm:
  (rec (type $a (descriptor $b) (struct)) (type $b (describes $a) (struct)))
  (func (result anyref) (br_on_cast_desc_eq 0 funcref (ref $a) (unreachable)))
Wax type-checking should have failed (type mismatch):
  rec {
      type a = open descriptor b { };
      type b = open describes a { };
      type c: a = open descriptor d { };
      type d: b = open describes c { };
  }
  fn f(x: &c, x_2: &d) -> &?c 'l: {
      br_on_cast 'l descriptor(x_2) x;
  }
from wasm:
  (rec
    (type $a (sub (descriptor $b) (struct)))
    (type $b (sub (describes $a) (struct)))
    (type $c (sub $a (descriptor $d) (struct)))
    (type $d (sub $b (describes $c) (struct)))
  )
  (func (param (ref $c) (ref $d)) (result (ref null $c))
    (br_on_cast_desc_eq 0 (ref $c) (ref $a) (local.get 0) (local.get 1))
  )
Wax type-checking should have failed (type mismatch):
  rec {
      type a = open descriptor b { };
      type b = open describes a { };
      type c: a = open descriptor d { };
      type d: b = open describes c { };
  }
  fn f(x: &c, x_2: &!d) -> &?c 'l: {
      br_on_cast 'l descriptor(x_2) x;
  }
from wasm:
  (rec
    (type $a (sub (descriptor $b) (struct)))
    (type $b (sub (describes $a) (struct)))
    (type $c (sub $a (descriptor $d) (struct)))
    (type $d (sub $b (describes $c) (struct)))
  )
  (func (param (ref $c) (ref (exact $d))) (result (ref null $c))
    (br_on_cast_desc_eq 0 (ref $c) (ref $a) (local.get 0) (local.get 1))
  )
Wax type-checking should have failed (type mismatch):
  rec { type a = descriptor b { }; type b = describes a { }; }
  fn f() -> &a 'l: {
      do () -> (i32, &a) {
          unreachable;
          br_on_cast 'l descriptor(_ as &?b) _;
      }
      unreachable;
  }
from wasm:
  (rec (type $a (descriptor $b) (struct)) (type $b (describes $a) (struct)))
  (func (result (ref $a))
    (block (result i32 (ref $a))
      (br_on_cast_desc_eq 1 anyref (ref $a) (unreachable)))
    (unreachable)
  )
==== core/custom-descriptors/br_on_cast_desc_eq_fail.wast ====
Wax type-checking should have failed (type mismatch):
  rec { type a = descriptor b { }; type b = describes a { }; }
  fn f(x: &?any, x_2: &b) -> &?any 'l: {
      br_on_cast_fail 'l descriptor(x_2) x;
  }
from wasm:
  (rec (type $a (descriptor $b) (struct)) (type $b (describes $a) (struct)))
  (func (param anyref (ref $b)) (result anyref)
    (br_on_cast_desc_eq_fail 0 anyref (ref (exact $a)) (local.get 0)
      (local.get 1))
  )
Wax type-checking should have failed (type mismatch):
  rec { type a = descriptor b { }; type b = describes a { }; }
  fn f(x: &?any) -> &?any 'l: {
      br_on_cast_fail 'l descriptor(null as &?b) x;
  }
from wasm:
  (rec (type $a (descriptor $b) (struct)) (type $b (describes $a) (struct)))
  (func (param anyref) (result anyref)
    (br_on_cast_desc_eq_fail 0 anyref (ref (exact $a)) (local.get 0)
      (ref.null $b))
  )
Wax type-checking should have failed (type mismatch):
  rec {
      type a = open descriptor b { };
      type b = open describes a { };
      type c: a = open descriptor d { };
      type d: b = open describes c { };
  }
  fn f(x: &?any, x_2: &!d) -> &?any 'l: {
      br_on_cast_fail 'l descriptor(x_2) x;
  }
from wasm:
  (rec
    (type $a (sub (descriptor $b) (struct)))
    (type $b (sub (describes $a) (struct)))
    (type $c (sub $a (descriptor $d) (struct)))
    (type $d (sub $b (describes $c) (struct)))
  )
  (func (param anyref (ref (exact $d))) (result anyref)
    (br_on_cast_desc_eq_fail 0 anyref (ref (exact $a)) (local.get 0)
      (local.get 1))
  )
Wax type-checking should have failed (type mismatch):
  rec { type a = descriptor b { }; type b = describes a { }; }
  fn f() -> &?any 'l: {
      unreachable;
      br_on_cast_fail 'l descriptor(_ as &?b) _;
  }
from wasm:
  (rec (type $a (descriptor $b) (struct)) (type $b (describes $a) (struct)))
  (func (result anyref)
    (br_on_cast_desc_eq_fail 0 funcref (ref $a) (unreachable))
  )
Wax type-checking should have failed (type mismatch):
  rec {
      type a = open descriptor b { };
      type b = open describes a { };
      type c: a = open descriptor d { };
      type d: b = open describes c { };
  }
  fn f(x: &c, x_2: &d) -> &?any 'l: {
      do &?c {
          br_on_cast_fail 'l descriptor(x_2) x;
      }
  }
from wasm:
  (rec
    (type $a (sub (descriptor $b) (struct)))
    (type $b (sub (describes $a) (struct)))
    (type $c (sub $a (descriptor $d) (struct)))
    (type $d (sub $b (describes $c) (struct)))
  )
  (func (param (ref $c) (ref $d)) (result anyref)
    (block (result (ref null $c))
      (br_on_cast_desc_eq_fail 1 (ref $c) (ref $a) (local.get 0) (local.get 1)))
  )
Wax type-checking should have failed (type mismatch):
  rec {
      type a = open descriptor b { };
      type b = open describes a { };
      type c: a = open descriptor d { };
      type d: b = open describes c { };
  }
  fn f(x: &c, x_2: &!d) -> &?any 'l: {
      do &?c {
          br_on_cast_fail 'l descriptor(x_2) x;
      }
  }
from wasm:
  (rec
    (type $a (sub (descriptor $b) (struct)))
    (type $b (sub (describes $a) (struct)))
    (type $c (sub $a (descriptor $d) (struct)))
    (type $d (sub $b (describes $c) (struct)))
  )
  (func (param (ref $c) (ref (exact $d))) (result anyref)
    (block (result (ref null $c))
      (br_on_cast_desc_eq_fail 1 (ref $c) (ref $a) (local.get 0) (local.get 1)))
  )
==== core/custom-descriptors/br_on_cast_fail.wast ====
Wax type-checking should have failed (type mismatch):
  fn f(x: &?any) -> &?func 'l: {
      do &?func {
          x;
          unreachable;
          br_on_cast_fail 'l &?func _;
      }
  }
from wasm:
  (func (param anyref) (result funcref)
    (block (result funcref)
      (br_on_cast_fail 1 anyref funcref (local.get 0) (unreachable)))
  )
Wax type-checking should have failed (type mismatch):
  fn f(x: &func) -> &any 'l: {
      do &any {
          x;
          unreachable;
          br_on_cast_fail 'l &any _;
      }
  }
from wasm:
  (func (param (ref func)) (result (ref any))
    (block (result (ref any))
      (br_on_cast_fail 1 (ref func) (ref any) (local.get 0) (unreachable)))
  )
==== core/custom-descriptors/ref_cast_desc_eq.wast ====
Wax type-checking should have failed (type mismatch):
  rec { type a = descriptor b { }; type b = describes a { }; }
  fn f(x: &?any, x_2: &b) -> &?any {
      x as descriptor(x_2);
  }
from wasm:
  (rec (type $a (descriptor $b) (struct)) (type $b (describes $a) (struct)))
  (func (param anyref (ref $b)) (result anyref)
    (ref.cast_desc_eq (ref (exact $a)) (local.get 0) (local.get 1))
  )
Wax type-checking should have failed (type mismatch):
  rec { type a = descriptor b { }; type b = describes a { }; }
  fn f(x: &?any) -> &?any {
      x as descriptor(null as &?b);
  }
from wasm:
  (rec (type $a (descriptor $b) (struct)) (type $b (describes $a) (struct)))
  (func (param anyref) (result anyref)
    (ref.cast_desc_eq (ref (exact $a)) (local.get 0) (ref.null $b))
  )
Wax type-checking should have failed (type mismatch):
  rec {
      type a = open descriptor b { };
      type b = open describes a { };
      type c: a = open descriptor d { };
      type d: b = open describes c { };
  }
  fn f(x: &?any, x_2: &!d) -> &?any {
      x as descriptor(x_2);
  }
from wasm:
  (rec
    (type $a (sub (descriptor $b) (struct)))
    (type $b (sub (describes $a) (struct)))
    (type $c (sub $a (descriptor $d) (struct)))
    (type $d (sub $b (describes $c) (struct)))
  )
  (func (param anyref (ref (exact $d))) (result anyref)
    (ref.cast_desc_eq (ref (exact $a)) (local.get 0) (local.get 1))
  )
Wax type-checking should have failed (type mismatch):
  rec {
      type a = open descriptor b { };
      type b = open describes a { };
      type c: a = open descriptor d { };
      type d: b = open describes c { };
  }
  fn f(x: &c, x_2: &d) -> &?c {
      x as descriptor(x_2);
  }
from wasm:
  (rec
    (type $a (sub (descriptor $b) (struct)))
    (type $b (sub (describes $a) (struct)))
    (type $c (sub $a (descriptor $d) (struct)))
    (type $d (sub $b (describes $c) (struct)))
  )
  (func (param (ref $c) (ref $d)) (result (ref null $c))
    (ref.cast_desc_eq (ref $a) (local.get 0) (local.get 1))
  )
Wax type-checking should have failed (type mismatch):
  rec {
      type a = open descriptor b { };
      type b = open describes a { };
      type c: a = open descriptor d { };
      type d: b = open describes c { };
  }
  fn f(x: &c, x_2: &!d) -> &?c {
      x as descriptor(x_2);
  }
from wasm:
  (rec
    (type $a (sub (descriptor $b) (struct)))
    (type $b (sub (describes $a) (struct)))
    (type $c (sub $a (descriptor $d) (struct)))
    (type $d (sub $b (describes $c) (struct)))
  )
  (func (param (ref $c) (ref (exact $d))) (result (ref null $c))
    (ref.cast_desc_eq (ref $a) (local.get 0) (local.get 1))
  )
==== core/custom-descriptors/ref_get_desc.wast ====
Wax type-checking should have failed (type mismatch):
  rec {
      type a = open descriptor b { };
      type b = open describes a { };
      type c: a = open descriptor d { };
      type d: b = open describes c { };
  }
  fn f(x: &!c) -> &d {
      x.descriptor;
  }
from wasm:
  (rec
    (type $a (sub (descriptor $b) (struct)))
    (type $b (sub (describes $a) (struct)))
    (type $c (sub $a (descriptor $d) (struct)))
    (type $d (sub $b (describes $c) (struct)))
  )
  (func (param (ref (exact $c))) (result (ref $d))
    (ref.get_desc $a (local.get 0))
  )
Wax type-checking should have failed (type mismatch):
  rec {
      type a = open descriptor b { };
      type b = open describes a { };
      type c: a = open descriptor d { };
      type d: b = open describes c { };
  }
  fn f(x: &c) -> &d {
      x.descriptor;
  }
from wasm:
  (rec
    (type $a (sub (descriptor $b) (struct)))
    (type $b (sub (describes $a) (struct)))
    (type $c (sub $a (descriptor $d) (struct)))
    (type $d (sub $b (describes $c) (struct)))
  )
  (func (param (ref $c)) (result (ref $d)) (ref.get_desc $a (local.get 0)))
==== core/custom-descriptors/struct_new_desc.wast ====
Wax type-checking should have failed (type without descriptor requires non-descriptor allocation):
  rec { type struct_2 = { f: i32 }; type a = descriptor b { f: i32 }; type b = describes a { }; }
  fn f() -> &?any {
      { descriptor({b| })| f: 0 as i32 };
  }
from wasm:
  (rec
    (type $struct (struct (field i32)))
    (type $a (descriptor $b) (struct (field i32)))
    (type $b (describes $a) (struct))
  )
  (func (result anyref) (struct.new_desc $struct (i32.const 0) (struct.new $b)))
Wax type-checking should have failed (type without descriptor requires non-descriptor allocation):
  rec { type struct_2 = { f: i32 }; type a = descriptor b { f: i32 }; type b = describes a { }; }
  fn f() -> &?any {
      { descriptor({b| })| .. };
  }
from wasm:
  (rec
    (type $struct (struct (field i32)))
    (type $a (descriptor $b) (struct (field i32)))
    (type $b (describes $a) (struct))
  )
  (func (result anyref) (struct.new_default_desc $struct (struct.new $b)))
Wax type-checking should have failed (type mismatch):
  rec { type a = descriptor b { f: i32 }; type b = describes a { }; }
  fn f(x: &b) -> &?any {
      { descriptor(x)| f: 0 as i32 };
  }
from wasm:
  (rec
    (type $a (descriptor $b) (struct (field i32)))
    (type $b (describes $a) (struct))
  )
  (func (param (ref $b)) (result anyref)
    (struct.new_desc $a (i32.const 0) (local.get 0))
  )
Wax type-checking should have failed (type mismatch):
  rec {
      type a = open descriptor b { f: i32 };
      type b = open describes a { };
      type c: a = open descriptor d { f: i32 };
      type d: b = open describes c { };
  }
  fn f(x: &!d) -> &?any {
      { descriptor(x)| f: 0 as i32 };
  }
from wasm:
  (rec
    (type $a (sub (descriptor $b) (struct (field i32))))
    (type $b (sub (describes $a) (struct)))
    (type $c (sub $a (descriptor $d) (struct (field i32))))
    (type $d (sub $b (describes $c) (struct)))
  )
  (func (param (ref (exact $d))) (result anyref)
    (struct.new_desc $a (i32.const 0) (local.get 0))
  )
Wax type-checking should have failed (type mismatch):
  rec {
      type a = open descriptor b { f: i32 };
      type b = open describes a { };
      type c: a = open descriptor d { f: i32 };
      type d: b = open describes c { };
  }
  fn f(x: &!b) -> &?any {
      { descriptor(x)| f: 0 as i32 };
  }
from wasm:
  (rec
    (type $a (sub (descriptor $b) (struct (field i32))))
    (type $b (sub (describes $a) (struct)))
    (type $c (sub $a (descriptor $d) (struct (field i32))))
    (type $d (sub $b (describes $c) (struct)))
  )
  (func (param (ref (exact $b))) (result anyref)
    (struct.new_desc $c (i32.const 0) (local.get 0))
  )
==== core/i32.wast ====
Wax type-checking should have failed (type mismatch):
  fn f() -> i32 {
      !(0 as i64);
  }
from wasm: (func (result i32) (i32.eqz (i64.const 0)))
==== core/ref_func.wast ====
Wax type-checking should have failed (undeclared function reference):
  fn f() {
      _ = f;
  }
from wasm: (func $f (drop (ref.func $f)))
Wax type-checking should have failed (undeclared function reference):
  #[start]
  fn f() {
      _ = f;
  }
from wasm: (start $f)
  (func $f (drop (ref.func $f)))
==== core/return_call_ref.wast ====
Wax type-checking should have failed (type mismatch):
  type t = fn();
  fn f(r: &?func) {
      become (r as &?t)();
  }
from wasm:
  (type $t (func))
  (func $f (param $r funcref) (return_call_ref $t (local.get $r)))
==== core/select.wast ====
Wax type-checking should have failed (type mismatch):
  type t = fn();
  fn f(r: &t) {
      _ = 1 as i32?r:r;
  }
from wasm:
  (type $t (func))
  (func $type-ref-implicit (param $r (ref $t))
    (drop (select (local.get $r) (local.get $r) (i32.const 1)))
  )
Wax type-checking should have failed (type mismatch):
  fn f(r: &?func) {
      _ = 1 as i32?r:r;
  }
from wasm:
  (func $type-funcref-implicit (param $r funcref)
    (drop (select (local.get $r) (local.get $r) (i32.const 1)))
  )
Wax type-checking should have failed (type mismatch):
  fn f(r: &?extern) {
      _ = 1 as i32?r:r;
  }
from wasm:
  (func $type-externref-implicit (param $r externref)
    (drop (select (local.get $r) (local.get $r) (i32.const 1)))
  )
==== core/unreached-invalid.wast ====
Wax type-checking should have failed (type mismatch):
  fn f() {
      unreachable;
      _ = !(0 as i32);
  }
from wasm:
  (func $type-num-vs-num (unreachable)
                         (drop (i64.eqz (i32.const 0))))
Wax type-checking should have failed (type mismatch):
  fn f() -> i32 {
      'l_2: do i32 {
          do {
              unreachable;
              br_if 'l_2 (0 as i32, 0 as i32);
          }
      }
  }
from wasm:
  (func $type-br_if-num-vs-void-after-unreachable (result i32)
    (block (result i32)
      (block (unreachable) (br_if 1 (i32.const 0) (i32.const 0))))
  )
Wax type-checking should have failed (type mismatch):
  fn f() -> i32 {
      'l_2: loop {
          nop;
          br 'l_2;
      }
  }
from wasm:
  (func $type-cont-last-void-vs-empty (result i32) (loop (br 0 (nop))))
Wax type-checking should have failed (type mismatch):
  fn f() -> i32 {
      'l_2: loop {
          0 as i32;
          br 'l_2;
      }
  }
from wasm:
  (func $type-cont-last-num-vs-empty (result i32) (loop (br 0 (i32.const 0))))
