=== call, param, binop ===
"a"      @ 1:32-1:33 -> 1:7-1:8  [i32]
"add"    @ 2:18-2:21 -> 1:3-1:6
"b"      @ 1:36-1:37 -> 1:15-1:16  [i32]

=== let shadowing ===
"x"      @ 3:10-3:11 -> 2:6-2:7  [i32]
"x"      @ 4:2-4:3   -> 3:6-3:7  [i32]

=== global and type ===
"g"      @ 3:29-3:30 -> 2:6-2:7  [i32]
"point"  @ 3:13-3:18 -> 1:5-1:10  [type point = { x: i32, y: i32 };]

=== label ===
"'outer" @ 2:20-2:26 -> 2:2-2:8

=== struct pun ===
"point"  @ 2:26-2:31 -> 1:5-1:10  [type point = { x: i32, y: i32 };]
"point"  @ 2:35-2:40 -> 1:5-1:10  [type point = { x: i32, y: i32 };]
"x"      @ 2:42-2:43 -> 2:6-2:7  [i32]
"y"      @ 2:48-2:49 -> 2:14-2:15  [i32]
pun "x" @ 2:42-2:43

=== member access ===
"p"      @ 2:29-2:30 -> 2:9-2:10  [&point]
"point"  @ 1:42-1:47 -> 1:5-1:10  [type point = { x: i32, y: mut i32, next: &point };]
"point"  @ 2:13-2:18 -> 1:5-1:10  [type point = { x: i32, y: mut i32, next: &point };]
member @ 2:31-2:32 -> x: i32, y: mut i32, next: &point

=== value methods ===
"a"      @ 3:46-3:47 -> 2:29-2:30  [&arr]
"arr"    @ 2:33-2:36 -> 1:5-1:8  [type arr = [i32];]
"f"      @ 3:34-3:35 -> 2:21-2:22  [f32]
"w"      @ 3:17-3:18 -> 2:13-2:14  [i64]
"x"      @ 3:6-3:7   -> 2:5-2:6  [i32]
member @ 3:8-3:11 -> clz: fn() -> i32, ctz: fn() -> i32, popcnt: fn() -> i32, extend8_s: fn() -> i32, extend16_s: fn() -> i32, from_bits: fn() -> f32, rotl: fn(i32) -> i32, rotr: fn(i32) -> i32
member @ 3:19-3:28 -> clz: fn() -> i64, ctz: fn() -> i64, popcnt: fn() -> i64, extend8_s: fn() -> i64, extend16_s: fn() -> i64, from_bits: fn() -> f64, rotl: fn(i64) -> i64, rotr: fn(i64) -> i64
member @ 3:36-3:40 -> abs: fn() -> f32, ceil: fn() -> f32, floor: fn() -> f32, trunc: fn() -> f32, nearest: fn() -> f32, sqrt: fn() -> f32, to_bits: fn() -> i32, min: fn(f32) -> f32, max: fn(f32) -> f32, copysign: fn(f32) -> f32
member @ 3:48-3:54 -> length: fn() -> i32

=== memory receiver ===
"mem"    @ 2:13-2:16 -> 1:7-1:10
member @ 2:17-2:22 -> load8: fn(i32) -> i32, load16: fn(i32) -> i32, load32: fn(i32) -> i32, load64: fn(i32) -> i64, loadf32: fn(i32) -> f32, loadf64: fn(i32) -> f64, store8: fn(i32, i32) -> (), store16: fn(i32, i32) -> (), store32: fn(i32, i32) -> (), store64: fn(i32, i64) -> (), storef32: fn(i32, f32) -> (), storef64: fn(i32, f64) -> (), size: fn() -> i32, grow: fn(i32) -> i32, fill: fn(i32, i32, i32) -> (), copy: fn(i32, i32, i32) -> (), init: fn(data, i32, i32, i32) -> ()

