=== outline survives a broken field ===
outline: function/$a function/$b variable/$g
diagnostics:
  [error] Expecting a v128 shape: 'i8x16', 'i16x8', 'i32x4', 'i64x2', 'f32x4', or 'f64x2'.

=== check suppresses cascades at EOF ===
outline: function/func
diagnostics:
  [error] Expecting instructions.

=== check keeps a real error past a syntax error ===
outline: function/func function/func
diagnostics:
  [error] Expecting a v128 shape: 'i8x16', 'i16x8', 'i32x4', 'i64x2', 'f32x4', or 'f64x2'.
  [error] Type mismatch: this produces a value of type 'i64', but type 'i32' is expected.

=== clean module reports normally ===
outline: function/func
diagnostics:
  [error] Type mismatch: this produces a value of type 'i64', but type 'i32' is expected.
  [error] Type mismatch: the stack is empty (a value is missing).
  [warning] This function is never used.

