i32 .clz         ok
i32 .ctz         ok
i32 .popcnt      ok
i32 .extend8_s   ok
i32 .extend16_s  ok
i32 .from_bits   ok
i32 .rotl        ok
i32 .rotr        ok
i64 .clz         ok
i64 .ctz         ok
i64 .popcnt      ok
i64 .extend8_s   ok
i64 .extend16_s  ok
i64 .from_bits   ok
i64 .rotl        ok
i64 .rotr        ok
f32 .abs         ok
f32 .ceil        ok
f32 .floor       ok
f32 .trunc       ok
f32 .nearest     ok
f32 .sqrt        ok
f32 .to_bits     ok
f32 .min         ok
f32 .max         ok
f32 .copysign    ok
f64 .abs         ok
f64 .ceil        ok
f64 .floor       ok
f64 .trunc       ok
f64 .nearest     ok
f64 .sqrt        ok
f64 .to_bits     ok
f64 .min         ok
f64 .max         ok
f64 .copysign    ok
arr .length      ok
