i32 .clz         ok
i32 .ctz         ok
i32 .popcnt      ok
i32 .extend8_s   ok
i32 .extend16_s  ok
i32 .from_bits   ok
i32 .rotl        ok
i32 .rotr        ok
i64 .clz         ok
i64 .ctz         ok
i64 .popcnt      ok
i64 .extend8_s   ok
i64 .extend16_s  ok
i64 .from_bits   ok
i64 .rotl        ok
i64 .rotr        ok
f32 .abs         ok
f32 .ceil        ok
f32 .floor       ok
f32 .trunc       ok
f32 .nearest     ok
f32 .sqrt        ok
f32 .to_bits     ok
f32 .min         ok
f32 .max         ok
f32 .copysign    ok
f64 .abs         ok
f64 .ceil        ok
f64 .floor       ok
f64 .trunc       ok
f64 .nearest     ok
f64 .sqrt        ok
f64 .to_bits     ok
f64 .min         ok
f64 .max         ok
f64 .copysign    ok
arr .length      ok

v128: 228 methods offered
all type-check

sample signatures:
  neg_i32x4              fn() -> v128
  add_i32x4              fn(v128) -> v128
  shl_i32x4              fn(i32) -> v128
  eq_i32x4               fn(v128) -> v128
  any_true_v128          fn() -> i32
  bitmask_i8x16          fn() -> i32
  extract_lane_s_i8x16   fn(lane index) -> i32
  replace_lane_i32x4     fn(lane index, i32) -> v128
  shuffle_i8x16          fn(16 lane indices, v128) -> v128
  splat_i32x4            (not offered)

flexible receivers:
  number:        18 offered, all type-check  [clz: fn() -> number, from_bits: fn() -> float, to_bits: fn() -> int]
  int:            8 offered, all type-check  [clz: fn() -> int, from_bits: fn() -> float]
  large number:  18 offered, all type-check  [clz: fn() -> large number, from_bits: fn() -> float, to_bits: fn() -> int]
  float:         10 offered, all type-check  [abs: fn() -> float, to_bits: fn() -> int]

namespace members:
  v128:: (7)
    bitselect    fn(v128, v128, v128) -> v128           ok
    i8x16        fn(16 lanes) -> v128                   ok
    i16x8        fn(8 lanes) -> v128                    ok
    i32x4        fn(4 lanes) -> v128                    ok
    i64x2        fn(2 lanes) -> v128                    ok
    f32x4        fn(4 lanes) -> v128                    ok
    f64x2        fn(2 lanes) -> v128                    ok
  i64:: (4)
    add128       fn(i64, i64, i64, i64) -> (i64, i64)   ok
    sub128       fn(i64, i64, i64, i64) -> (i64, i64)   ok
    mul_wide_s   fn(i64, i64) -> (i64, i64)             ok
    mul_wide_u   fn(i64, i64) -> (i64, i64)             ok
  atomic:: (1)
    fence        fn() -> ()                             ok

memory / table methods:
  memory (105)
    load8                    fn(i32) -> i32                       ok
    load16                   fn(i32) -> i32                       ok
    load32                   fn(i32) -> i32                       ok
    load64                   fn(i32) -> i64                       ok
    loadf32                  fn(i32) -> f32                       ok
    loadf64                  fn(i32) -> f64                       ok
    store8                   fn(i32, i32) -> ()                   ok
    store16                  fn(i32, i32) -> ()                   ok
    store32                  fn(i32, i32) -> ()                   ok
    store64                  fn(i32, i64) -> ()                   ok
    storef32                 fn(i32, f32) -> ()                   ok
    storef64                 fn(i32, f64) -> ()                   ok
    size                     fn() -> i32                          ok
    grow                     fn(i32) -> i32                       ok
    fill                     fn(i32, i32, i32) -> ()              ok
    copy                     fn(i32, i32, i32) -> ()              ok
    init                     fn(data, i32, i32, i32) -> ()        ok
    atomic_notify            fn(i32, i32) -> i32                  ok
    atomic_wait32            fn(i32, i32, i64) -> i32             ok
    atomic_wait64            fn(i32, i64, i64) -> i32             ok
    i32_atomic_load          fn(i32) -> i32                       ok
    i64_atomic_load          fn(i32) -> i64                       ok
    i32_atomic_load8_u       fn(i32) -> i32                       ok
    i32_atomic_load16_u      fn(i32) -> i32                       ok
    i64_atomic_load8_u       fn(i32) -> i64                       ok
    i64_atomic_load16_u      fn(i32) -> i64                       ok
    i64_atomic_load32_u      fn(i32) -> i64                       ok
    i32_atomic_store         fn(i32, i32) -> ()                   ok
    i64_atomic_store         fn(i32, i64) -> ()                   ok
    i32_atomic_store8        fn(i32, i32) -> ()                   ok
    i32_atomic_store16       fn(i32, i32) -> ()                   ok
    i64_atomic_store8        fn(i32, i64) -> ()                   ok
    i64_atomic_store16       fn(i32, i64) -> ()                   ok
    i64_atomic_store32       fn(i32, i64) -> ()                   ok
    i32_atomic_rmw_add       fn(i32, i32) -> i32                  ok
    i64_atomic_rmw_add       fn(i32, i64) -> i64                  ok
    i32_atomic_rmw8_add_u    fn(i32, i32) -> i32                  ok
    i32_atomic_rmw16_add_u   fn(i32, i32) -> i32                  ok
    i64_atomic_rmw8_add_u    fn(i32, i64) -> i64                  ok
    i64_atomic_rmw16_add_u   fn(i32, i64) -> i64                  ok
    i64_atomic_rmw32_add_u   fn(i32, i64) -> i64                  ok
    i32_atomic_rmw_sub       fn(i32, i32) -> i32                  ok
    i64_atomic_rmw_sub       fn(i32, i64) -> i64                  ok
    i32_atomic_rmw8_sub_u    fn(i32, i32) -> i32                  ok
    i32_atomic_rmw16_sub_u   fn(i32, i32) -> i32                  ok
    i64_atomic_rmw8_sub_u    fn(i32, i64) -> i64                  ok
    i64_atomic_rmw16_sub_u   fn(i32, i64) -> i64                  ok
    i64_atomic_rmw32_sub_u   fn(i32, i64) -> i64                  ok
    i32_atomic_rmw_and       fn(i32, i32) -> i32                  ok
    i64_atomic_rmw_and       fn(i32, i64) -> i64                  ok
    i32_atomic_rmw8_and_u    fn(i32, i32) -> i32                  ok
    i32_atomic_rmw16_and_u   fn(i32, i32) -> i32                  ok
    i64_atomic_rmw8_and_u    fn(i32, i64) -> i64                  ok
    i64_atomic_rmw16_and_u   fn(i32, i64) -> i64                  ok
    i64_atomic_rmw32_and_u   fn(i32, i64) -> i64                  ok
    i32_atomic_rmw_or        fn(i32, i32) -> i32                  ok
    i64_atomic_rmw_or        fn(i32, i64) -> i64                  ok
    i32_atomic_rmw8_or_u     fn(i32, i32) -> i32                  ok
    i32_atomic_rmw16_or_u    fn(i32, i32) -> i32                  ok
    i64_atomic_rmw8_or_u     fn(i32, i64) -> i64                  ok
    i64_atomic_rmw16_or_u    fn(i32, i64) -> i64                  ok
    i64_atomic_rmw32_or_u    fn(i32, i64) -> i64                  ok
    i32_atomic_rmw_xor       fn(i32, i32) -> i32                  ok
    i64_atomic_rmw_xor       fn(i32, i64) -> i64                  ok
    i32_atomic_rmw8_xor_u    fn(i32, i32) -> i32                  ok
    i32_atomic_rmw16_xor_u   fn(i32, i32) -> i32                  ok
    i64_atomic_rmw8_xor_u    fn(i32, i64) -> i64                  ok
    i64_atomic_rmw16_xor_u   fn(i32, i64) -> i64                  ok
    i64_atomic_rmw32_xor_u   fn(i32, i64) -> i64                  ok
    i32_atomic_rmw_xchg      fn(i32, i32) -> i32                  ok
    i64_atomic_rmw_xchg      fn(i32, i64) -> i64                  ok
    i32_atomic_rmw8_xchg_u   fn(i32, i32) -> i32                  ok
    i32_atomic_rmw16_xchg_u  fn(i32, i32) -> i32                  ok
    i64_atomic_rmw8_xchg_u   fn(i32, i64) -> i64                  ok
    i64_atomic_rmw16_xchg_u  fn(i32, i64) -> i64                  ok
    i64_atomic_rmw32_xchg_u  fn(i32, i64) -> i64                  ok
    i32_atomic_rmw_cmpxchg   fn(i32, i32, i32) -> i32             ok
    i64_atomic_rmw_cmpxchg   fn(i32, i64, i64) -> i64             ok
    i32_atomic_rmw8_cmpxchg_u fn(i32, i32, i32) -> i32             ok
    i32_atomic_rmw16_cmpxchg_u fn(i32, i32, i32) -> i32             ok
    i64_atomic_rmw8_cmpxchg_u fn(i32, i64, i64) -> i64             ok
    i64_atomic_rmw16_cmpxchg_u fn(i32, i64, i64) -> i64             ok
    i64_atomic_rmw32_cmpxchg_u fn(i32, i64, i64) -> i64             ok
    v128_load                fn(i32) -> v128                      ok
    v128_load8x8_s           fn(i32) -> v128                      ok
    v128_load8x8_u           fn(i32) -> v128                      ok
    v128_load16x4_s          fn(i32) -> v128                      ok
    v128_load16x4_u          fn(i32) -> v128                      ok
    v128_load32x2_s          fn(i32) -> v128                      ok
    v128_load32x2_u          fn(i32) -> v128                      ok
    v128_load32_zero         fn(i32) -> v128                      ok
    v128_load64_zero         fn(i32) -> v128                      ok
    v128_store               fn(i32, v128) -> ()                  ok
    v128_load8_splat         fn(i32) -> v128                      ok
    v128_load16_splat        fn(i32) -> v128                      ok
    v128_load32_splat        fn(i32) -> v128                      ok
    v128_load64_splat        fn(i32) -> v128                      ok
    v128_load8_lane          fn(i32, v128, lane index) -> v128    ok
    v128_load16_lane         fn(i32, v128, lane index) -> v128    ok
    v128_load32_lane         fn(i32, v128, lane index) -> v128    ok
    v128_load64_lane         fn(i32, v128, lane index) -> v128    ok
    v128_store8_lane         fn(i32, v128, lane index) -> ()      ok
    v128_store16_lane        fn(i32, v128, lane index) -> ()      ok
    v128_store32_lane        fn(i32, v128, lane index) -> ()      ok
    v128_store64_lane        fn(i32, v128, lane index) -> ()      ok
  table (5)
    size                     fn() -> i32                          ok
    grow                     fn(&?func, i32) -> i32               ok
    fill                     fn(i32, &?func, i32) -> ()           ok
    copy                     fn(i32, i32, i32) -> ()              ok
    init                     fn(elem, i32, i32, i32) -> ()        ok
