i32 .clz         ok
i32 .ctz         ok
i32 .popcnt      ok
i32 .extend8_s   ok
i32 .extend16_s  ok
i32 .from_bits   ok
i32 .rotl        ok
i32 .rotr        ok
f32 .abs         ok
f32 .ceil        ok
f32 .floor       ok
f32 .trunc       ok
f32 .nearest     ok
f32 .sqrt        ok
f32 .to_bits     ok
f32 .min         ok
f32 .max         ok
f32 .copysign    ok
arr .length      ok
