=== missing const operand keeps both funcs ===
errors: 1
(func (i32.const 0))
(func (nop))
=== missing branch index ===
errors: 1
(func (br 0))
=== junk instruction, later field survives ===
errors: 2
(func)
(func (nop))
=== unclosed func body at EOF ===
errors: 1
(func (i32.const 1))
=== missing ')' between two funcs ===
errors: 1
(func (i32.const 1))
(func (nop))
=== missing ')' before a global ===
errors: 1
(func (nop))
(global i32 (i32.const 0))
=== missing heap type is a zero index ===
errors: 1
(func (ref.null 0))
(func (nop))
=== bare field keyword in a body is not a barrier ===
errors: 1
(func (nop))
(func (nop))
=== unrepairable operand drops the group, keeps the func ===
errors: 1
(func)
(func (nop))
=== unrepairable field drops without absorbing its sibling ===
errors: 1
(func (nop))
=== stray ) after a complete module keeps the field ===
errors: 1
(func (nop))
=== stray ) between fields keeps the earlier fields ===
errors: 1
(func $a (nop))
(func $b (nop))
(func $c (nop))
=== nested (func in a functype is not a barrier ===
errors: 1
(type $t (func))
(func (nop))
=== missing closer before a fused (type field ===
errors: 1
(func (i32.const 1))
(type $t (func))
=== missing closer before a fused (import field ===
errors: 1
(func (i32.const 1))
(import "m" "n" (func $f))
=== comment between ( and the keyword still triggers the barrier ===
errors: 1
(func
  (i32.const 1) ;; c
)
(func (nop))
