=== missing const operand keeps both funcs ===
errors: 1
(func (i32.const 0))
(func (nop))
=== missing branch index ===
errors: 1
(func (br 0))
=== junk instruction, later field survives ===
errors: 2
(func)
(func (nop))
=== unclosed func body at EOF ===
errors: 1
(func (i32.const 1))
=== missing ')' between two funcs ===
errors: 1
(func (i32.const 1))
(func (nop))
=== missing ')' before a global ===
errors: 1
(func (nop))
(global i32 (i32.const 0))
