=== references (from #[if] definition):
  (3,7)-(3,8)
  (7,7)-(7,8)
  (10,16)-(10,17)
=== references (from #[else] definition):
  (3,7)-(3,8)
  (7,7)-(7,8)
  (10,16)-(10,17)
=== references (from the shared use):
  (3,7)-(3,8)
  (7,7)-(7,8)
  (10,16)-(10,17)

=== rename f -> h (from #[if] definition) ===
  (3,7)-(3,8) := h
  (7,7)-(7,8) := h
  (10,16)-(10,17) := h
=== rename f -> h (from #[else] definition) ===
  (3,7)-(3,8) := h
  (7,7)-(7,8) := h
  (10,16)-(10,17) := h

=== symbols (outline) ===
  function f (3,7)-(3,8)
  function f (7,7)-(7,8)
  function g (10,3)-(10,4)

=== completion (value-type position, value types only) ===:
  f32:keyword
  f64:keyword
  i32:keyword
  i64:keyword
  v128:keyword
=== completion (heap-type position, after &) ===:
  Node:type
  any:keyword
  array:keyword
  cont:keyword
  eq:keyword
  exn:keyword
  extern:keyword
  fn:keyword
  func:keyword
  i31:keyword
  nocont:keyword
  noexn:keyword
  noextern:keyword
  nofunc:keyword
  none:keyword
  struct:keyword
=== completion (binary-AND position, no heap types) ===:
  g:function
  x:local

