=== references (from #[if] definition):
  (3,7)-(3,8)
  (7,7)-(7,8)
  (10,16)-(10,17)
=== references (from #[else] definition):
  (3,7)-(3,8)
  (7,7)-(7,8)
  (10,16)-(10,17)
=== references (from the shared use):
  (3,7)-(3,8)
  (7,7)-(7,8)
  (10,16)-(10,17)

=== rename f -> h (from #[if] definition) ===
  (3,7)-(3,8) := h
  (7,7)-(7,8) := h
  (10,16)-(10,17) := h
=== rename f -> h (from #[else] definition) ===
  (3,7)-(3,8) := h
  (7,7)-(7,8) := h
  (10,16)-(10,17) := h

=== symbols (outline) ===
  function f (3,7)-(3,8)
  function f (7,7)-(7,8)
  function g (10,3)-(10,4)

=== completion (value-type position, value types only) ===:
  f32:keyword
  f64:keyword
  i32:keyword
  i64:keyword
  v128:keyword
=== completion (heap-type position, after &) ===:
  Node:type
  any:keyword
  array:keyword
  cont:keyword
  eq:keyword
  exn:keyword
  extern:keyword
  fn:keyword
  func:keyword
  i31:keyword
  nocont:keyword
  noexn:keyword
  noextern:keyword
  nofunc:keyword
  none:keyword
  struct:keyword
=== completion (binary-AND position, no heap types) ===:
  g:function
  x:local

=== diagnostics (configuration-dependent field position) ===
  (0 diagnostics)

=== completion (function defined in each branch) ===
  h:function fn() -> i64 | fn() -> i32

=== diagnostics (cast to a conditional alias) ===
  (0 diagnostics)

=== hover (use of a conditional type alias) ===
  type n = i64;
  type n = i32;
=== completion (conditional type alias) ===:
  n:type
  detail: i64 | i32
=== symbols (conditional type alias) ===
  type n (1,16)-(1,17)
  type n (1,42)-(1,43)
  function f (2,3)-(2,4)
=== semantic tokens (conditional type alias) ===
  (0,16)+1 type
  (0,42)+1 type
  (1,3)+1 function
  (1,5)+1 parameter
  (1,8)+1 type
  (1,14)+1 type
  (1,18)+1 parameter
